<module>
  <header></header>
  <inputs></inputs>
  <modules></modules>
  <outputs></outputs>
  <providers></providers>
  <requirements></requirements>
  <resources></resources>
</module>