resource.aws_caller_identity (https://registry.terraform.io/providers/hashicorp/aws/latest/docs/data-sources/caller_identity)
resource.null_resource (https://registry.terraform.io/providers/hashicorp/null/latest/docs/resources/resource)
resource.tls_private_key (https://registry.terraform.io/providers/hashicorp/tls/latest/docs/resources/private_key)