provider.tls
provider.aws (>= 2.15.0)
provider.aws.ident (>= 2.15.0)
provider.null