output.unquoted
It's unquoted output.

output.output-2
It's output number two.

output.output-1
It's output number one.

output.output-0.12
terraform 0.12 only