modulecall.foo (bar,1.2.3)
modulecall.bar (baz,4.5.6)
modulecall.baz (baz,4.5.6)