== Outputs

The following outputs are exported:

=== unquoted

Description: It's unquoted output.

Value:
[source,json]
----
{
  "leon": "cat"
}
----

Sensitive: no

=== output-2

Description: It's output number two.

Value:
[source,json]
----
[
  "jack",
  "lola"
]
----

Sensitive: no

=== output-1

Description: It's output number one.

Value: `1`

Sensitive: no

=== output-0.12

Description: terraform 0.12 only

Value: `<sensitive>`

Sensitive: yes